Testing Alternative MongoDB Connection (Non-SRV)...
URI (hidden password): mongodb:****@ac-hnyvcmu-shard-00-00.hnyvcmu.mongodb.net:27017,ac-hnyvcmu-shard-00-01.hnyvcmu.mongodb.net:27017,ac-hnyvcmu-shard-00-02.hnyvcmu.mongodb.net:27017/election_db?ssl=true&authSource=admin
